// Jest Snapshot v1, https://goo.gl/fbAQLP

exports[`Test on file <GifGridItem /> should show GifGridItem correctly 1`] = `
<div
  className="card animate__animated animate__fadeIn"
>
  <img />
  <p />
</div>
`;
